FAIL    alt-dest
FAIL    backup
FAIL    batch-mode
FAIL    chmod-temp-dir
FAIL    exclude
FAIL    exclude-lsh
FAIL    itemize
